Archive member included to satisfy reference by file (symbol)

c:/sysgcc/arm-eabi/bin/../lib/gcc/arm-eabi/7.2.0/thumb/cortex_m3\libgcc.a(_arm_addsubdf3.o)
                              DS3231.o (__aeabi_dadd)
c:/sysgcc/arm-eabi/bin/../lib/gcc/arm-eabi/7.2.0/thumb/cortex_m3\libgcc.a(_arm_muldivdf3.o)
                              DS3231.o (__aeabi_dmul)
c:/sysgcc/arm-eabi/bin/../lib/gcc/arm-eabi/7.2.0/thumb/cortex_m3\libgcc.a(_arm_fixdfsi.o)
                              DS3231.o (__aeabi_d2iz)
c:/sysgcc/arm-eabi/bin/../lib/gcc/arm-eabi/7.2.0/thumb/cortex_m3\libgcc.a(_aeabi_ldivmod.o)
                              timestamp.o (__aeabi_ldivmod)
c:/sysgcc/arm-eabi/bin/../lib/gcc/arm-eabi/7.2.0/thumb/cortex_m3\libgcc.a(_aeabi_uldivmod.o)
                              timestamp.o (__aeabi_uldivmod)
c:/sysgcc/arm-eabi/bin/../lib/gcc/arm-eabi/7.2.0/thumb/cortex_m3\libgcc.a(_udivmoddi4.o)
                              c:/sysgcc/arm-eabi/bin/../lib/gcc/arm-eabi/7.2.0/thumb/cortex_m3\libgcc.a(_aeabi_ldivmod.o) (__udivmoddi4)
c:/sysgcc/arm-eabi/bin/../lib/gcc/arm-eabi/7.2.0/thumb/cortex_m3\libgcc.a(_dvmd_tls.o)
                              c:/sysgcc/arm-eabi/bin/../lib/gcc/arm-eabi/7.2.0/thumb/cortex_m3\libgcc.a(_aeabi_ldivmod.o) (__aeabi_ldiv0)

Allocating common symbols
Common symbol       size              file

__dso_handle        0x4               bmptk_cortex.o

Discarded input sections

 .group         0x00000000        0x8 i2cBus.o
 .group         0x00000000        0x8 i2cBus.o
 .group         0x00000000        0x8 i2cBus.o
 .group         0x00000000        0x8 i2cBus.o
 .group         0x00000000        0x8 i2cBus.o
 .group         0x00000000        0x8 i2cBus.o
 .group         0x00000000        0x8 i2cBus.o
 .group         0x00000000        0x8 i2cBus.o
 .group         0x00000000        0x8 i2cBus.o
 .group         0x00000000        0x8 i2cBus.o
 .text          0x00000000        0x0 i2cBus.o
 .data          0x00000000        0x0 i2cBus.o
 .bss           0x00000000        0x0 i2cBus.o
 .text._ZN3due11ad_pin_infoENS_7ad_pinsE
                0x00000000       0x1c i2cBus.o
 .text._ZN3due11ad_seq_infoEm
                0x00000000       0x20 i2cBus.o
 .text._ZN5hwlib19uart_char_availableEv
                0x00000000        0x4 i2cBus.o
 .text._ZN5hwlib9uart_getcEv
                0x00000000        0x4 i2cBus.o
 .text._ZN6i2cBus21getCurrentChipAddressEv
                0x00000000        0x4 i2cBus.o
 .text._ZN6i2cBus21getDECFromBCDRegisterEh
                0x00000000        0xe i2cBus.o
 .rodata._ZZN3due11ad_pin_infoENS_7ad_pinsEE17ad_pin_info_array
                0x00000000        0xc i2cBus.o
 .rodata._ZZN3due11ad_seq_infoEmE12ad_seq_array
                0x00000000       0x70 i2cBus.o
 .text          0x00000000        0x0 time.o
 .data          0x00000000        0x0 time.o
 .bss           0x00000000        0x0 time.o
 .group         0x00000000        0x8 DS3231.o
 .group         0x00000000        0x8 DS3231.o
 .group         0x00000000        0x8 DS3231.o
 .group         0x00000000        0x8 DS3231.o
 .text          0x00000000        0x0 DS3231.o
 .data          0x00000000        0x0 DS3231.o
 .bss           0x00000000        0x0 DS3231.o
 .text._ZN6sam3xa10SystemInitEv
                0x00000000       0x7c DS3231.o
 .text._ZN3due8pin_infoENS_4pinsE
                0x00000000       0x20 DS3231.o
 .text._ZN3due11ad_pin_infoENS_7ad_pinsE
                0x00000000       0x1c DS3231.o
 .text._ZN3due11ad_seq_infoEm
                0x00000000       0x20 DS3231.o
 .text._ZN3due14port_registersEm
                0x00000000       0x48 DS3231.o
 .text._ZN3due12ticks_per_usEv
                0x00000000        0x6 DS3231.o
 .text._ZN3due9now_ticksEv
                0x00000000       0x74 DS3231.o
 .text._ZN5hwlib9uart_putcEc
                0x00000000        0x4 DS3231.o
 .text._ZN5hwlib19uart_char_availableEv
                0x00000000        0x4 DS3231.o
 .text._ZN5hwlib9uart_getcEv
                0x00000000        0x4 DS3231.o
 .text._ZN6DS323117getCurrentSecondsEv
                0x00000000       0x14 DS3231.o
 .text._ZN6DS323117getCurrentMinutesEv
                0x00000000       0x14 DS3231.o
 .text._ZN6DS323115getCurrentHoursEv
                0x00000000       0x14 DS3231.o
 .text._ZN6DS323113getCurrentDayEv
                0x00000000       0x14 DS3231.o
 .text._ZN6DS323114getCurrentDateEv
                0x00000000       0x14 DS3231.o
 .text._ZN6DS323115getCurrentMonthEv
                0x00000000       0x1c DS3231.o
 .text._ZN6DS323114getCurrentYearEv
                0x00000000       0x14 DS3231.o
 .text._ZN6DS323119getCurrentTimestampEv
                0x00000000       0x84 DS3231.o
 .bss._ZZN3due9now_ticksEvE4high
                0x00000000        0x8 DS3231.o
 .bss._ZZN3due9now_ticksEvE8last_low
                0x00000000        0x4 DS3231.o
 .bss._ZZN3due9now_ticksEvE9init_done
                0x00000000        0x1 DS3231.o
 .data._ZN6sam3xa15SystemCoreClockE
                0x00000000        0x4 DS3231.o
 .rodata._ZN3due8pin_infoENS_4pinsE.str1.1
                0x00000000       0x33 DS3231.o
 .rodata._ZZN3due11ad_pin_infoENS_7ad_pinsEE17ad_pin_info_array
                0x00000000        0xc DS3231.o
 .rodata._ZZN3due11ad_seq_infoEmE12ad_seq_array
                0x00000000       0x70 DS3231.o
 .rodata._ZZN3due8pin_infoENS_4pinsEE14pin_info_array
                0x00000000       0xa4 DS3231.o
 .group         0x00000000        0x8 bitParser.o
 .group         0x00000000        0x8 bitParser.o
 .group         0x00000000        0x8 bitParser.o
 .group         0x00000000        0x8 bitParser.o
 .text          0x00000000        0x0 bitParser.o
 .data          0x00000000        0x0 bitParser.o
 .bss           0x00000000        0x0 bitParser.o
 .text._ZN5hwlib7ostreamlsEc
                0x00000000        0xe bitParser.o
 .text._ZN5hwliblsERNS_7ostreamEPKc
                0x00000000       0x66 bitParser.o
 .text._ZN5hwliblsERNS_7ostreamEi
                0x00000000       0xce bitParser.o
 .text._ZN6sam3xa10SystemInitEv
                0x00000000       0x7c bitParser.o
 .text._ZN3due8pin_infoENS_4pinsE
                0x00000000       0x20 bitParser.o
 .text._ZN3due11ad_pin_infoENS_7ad_pinsE
                0x00000000       0x1c bitParser.o
 .text._ZN3due11ad_seq_infoEm
                0x00000000       0x20 bitParser.o
 .text._ZN3due14port_registersEm
                0x00000000       0x48 bitParser.o
 .text._ZN3due12ticks_per_usEv
                0x00000000        0x6 bitParser.o
 .text._ZN3due9now_ticksEv
                0x00000000       0x74 bitParser.o
 .text._ZN5hwlib9uart_putcEc
                0x00000000        0x4 bitParser.o
 .text._ZN5hwlib19uart_char_availableEv
                0x00000000        0x4 bitParser.o
 .text._ZN5hwlib9uart_getcEv
                0x00000000        0x4 bitParser.o
 .text._ZN9bitParser9printByteEh
                0x00000000       0x34 bitParser.o
 .text._ZN9bitParser10printBytesEt
                0x00000000       0x34 bitParser.o
 .text._ZN9bitParser12uint8_tToIntEh
                0x00000000        0x2 bitParser.o
 .bss._ZZN3due9now_ticksEvE4high
                0x00000000        0x8 bitParser.o
 .bss._ZZN3due9now_ticksEvE8last_low
                0x00000000        0x4 bitParser.o
 .bss._ZZN3due9now_ticksEvE9init_done
                0x00000000        0x1 bitParser.o
 .data._ZN6sam3xa15SystemCoreClockE
                0x00000000        0x4 bitParser.o
 .rodata._ZN3due8pin_infoENS_4pinsE.str1.1
                0x00000000       0x33 bitParser.o
 .rodata._ZN9bitParser9printByteEh.str1.1
                0x00000000        0x2 bitParser.o
 .rodata._ZZN3due11ad_pin_infoENS_7ad_pinsEE17ad_pin_info_array
                0x00000000        0xc bitParser.o
 .rodata._ZZN3due11ad_seq_infoEmE12ad_seq_array
                0x00000000       0x70 bitParser.o
 .rodata._ZZN3due8pin_infoENS_4pinsEE14pin_info_array
                0x00000000       0xa4 bitParser.o
 .group         0x00000000        0x8 timestamp.o
 .group         0x00000000        0x8 timestamp.o
 .group         0x00000000        0x8 timestamp.o
 .group         0x00000000        0x8 timestamp.o
 .text          0x00000000        0x0 timestamp.o
 .data          0x00000000        0x0 timestamp.o
 .bss           0x00000000        0x0 timestamp.o
 .text._ZN5hwlib7ostream6fillerEi
                0x00000000       0x1a timestamp.o
 .text._ZN5hwliblsERNS_7ostreamEPKc
                0x00000000       0x54 timestamp.o
 .text._ZN5hwliblsERNS_7ostreamEi
                0x00000000       0x92 timestamp.o
 .text._ZN9timestamp12toThePowerOfEii
                0x00000000       0x10 timestamp.o
 .text._ZN9timestamp9sizeOfIntEi
                0x00000000       0x12 timestamp.o
 .text._ZNK9timestamp10getSecondsEv
                0x00000000        0x4 timestamp.o
 .text._ZNK9timestamp10getMinutesEv
                0x00000000        0x4 timestamp.o
 .text._ZNK9timestamp8getHoursEv
                0x00000000        0x4 timestamp.o
 .text._ZNK9timestamp6getDayEv
                0x00000000        0x4 timestamp.o
 .text._ZNK9timestamp7getDateEv
                0x00000000        0x4 timestamp.o
 .text._ZNK9timestamp8getMonthEv
                0x00000000        0x4 timestamp.o
 .text._ZNK9timestamp7getYearEv
                0x00000000        0x4 timestamp.o
 .text._ZN9timestampC2Ehhhhhht
                0x00000000       0x38 timestamp.o
 .text._ZNK9timestamp10getCenturyEv
                0x00000000        0x4 timestamp.o
 .group         0x00000000        0x8 hwlib.o
 .group         0x00000000        0x8 hwlib.o
 .group         0x00000000        0x8 hwlib.o
 .group         0x00000000        0x8 hwlib.o
 .group         0x00000000        0x8 hwlib.o
 .group         0x00000000        0x8 hwlib.o
 .group         0x00000000        0x8 hwlib.o
 .group         0x00000000        0x8 hwlib.o
 .group         0x00000000        0x8 hwlib.o
 .group         0x00000000        0x8 hwlib.o
 .group         0x00000000        0x8 hwlib.o
 .group         0x00000000        0x8 hwlib.o
 .group         0x00000000        0x8 hwlib.o
 .group         0x00000000        0x8 hwlib.o
 .group         0x00000000        0x8 hwlib.o
 .group         0x00000000        0x8 hwlib.o
 .group         0x00000000        0x8 hwlib.o
 .group         0x00000000        0x8 hwlib.o
 .group         0x00000000        0x8 hwlib.o
 .group         0x00000000        0x8 hwlib.o
 .group         0x00000000        0x8 hwlib.o
 .group         0x00000000        0x8 hwlib.o
 .group         0x00000000        0x8 hwlib.o
 .group         0x00000000        0x8 hwlib.o
 .group         0x00000000        0x8 hwlib.o
 .group         0x00000000        0x8 hwlib.o
 .group         0x00000000        0x8 hwlib.o
 .group         0x00000000        0x8 hwlib.o
 .group         0x00000000        0x8 hwlib.o
 .group         0x00000000        0x8 hwlib.o
 .group         0x00000000        0x8 hwlib.o
 .group         0x00000000        0x8 hwlib.o
 .group         0x00000000        0x8 hwlib.o
 .group         0x00000000        0x8 hwlib.o
 .group         0x00000000        0x8 hwlib.o
 .group         0x00000000        0x8 hwlib.o
 .text          0x00000000        0x0 hwlib.o
 .data          0x00000000        0x0 hwlib.o
 .bss           0x00000000        0x0 hwlib.o
 .text._ZN5hwlib10pin_in_out7refreshEv
                0x00000000        0x2 hwlib.o
 .text._ZN5hwlib10pin_in_out5flushEv
                0x00000000        0x2 hwlib.o
 .text._ZN5hwlib6pin_in7refreshEv
                0x00000000        0x2 hwlib.o
 .text._ZN5hwlib7pin_out5flushEv
                0x00000000        0x2 hwlib.o
 .text._ZN5hwlib7istream11getc_nowaitEv
                0x00000000       0x1a hwlib.o
 .text._ZN5hwlib23_pin_in_out_dummy_class3setEbNS_9bufferingE
                0x00000000        0x2 hwlib.o
 .text._ZN5hwlib23_pin_in_out_dummy_class3getENS_9bufferingE
                0x00000000        0x4 hwlib.o
 .text._ZN5hwlib23_pin_in_out_dummy_class19direction_set_inputEv
                0x00000000        0x2 hwlib.o
 .text._ZN5hwlib23_pin_in_out_dummy_class20direction_set_outputEv
                0x00000000        0x2 hwlib.o
 .text._ZN5hwlib19_pin_in_dummy_class3getENS_9bufferingE
                0x00000000        0x4 hwlib.o
 .text._ZN5hwlib20_pin_out_dummy_class3setEbNS_9bufferingE
                0x00000000        0x2 hwlib.o
 .text._ZN5hwlib19_pin_oc_dummy_class3setEbNS_9bufferingE
                0x00000000        0x2 hwlib.o
 .text._ZN5hwlib19_pin_oc_dummy_class3getENS_9bufferingE
                0x00000000        0x4 hwlib.o
 .text._ZNK5hwlib9image_8x818get_implementationENS_8locationE
                0x00000000       0x44 hwlib.o
 .text._ZN5hwlib7ostream6fillerEi
                0x00000000       0x1a hwlib.o
 .text._ZN5hwliblsERNS_7ostreamEPKc
                0x00000000       0x54 hwlib.o
 .text._ZN5hwliblsERNS_7ostreamEx
                0x00000000      0x102 hwlib.o
 .text._ZN5hwliblsERNS_7ostreamENS_8locationE
                0x00000000       0x3c hwlib.o
 .text._ZN5hwlib6window5writeENS_8locationENS_5colorENS_9bufferingE
                0x00000000       0x34 hwlib.o
 .text._ZN5hwlib4line4drawERNS_6windowENS_9bufferingE
                0x00000000       0xa8 hwlib.o
 .text._ZN5hwlib6circle4drawERNS_6windowENS_9bufferingE
                0x00000000      0x314 hwlib.o
 .text._ZN5hwlib4randEv
                0x00000000       0x20 hwlib.o
 .text._ZN5hwlib15random_in_rangeEjj
                0x00000000       0x1a hwlib.o
 .text._ZN6sam3xa10SystemInitEv
                0x00000000       0x7c hwlib.o
 .text._ZN3due8pin_infoENS_4pinsE
                0x00000000       0x20 hwlib.o
 .text._ZN3due11ad_pin_infoENS_7ad_pinsE
                0x00000000       0x1c hwlib.o
 .text._ZN3due11ad_seq_infoEm
                0x00000000       0x20 hwlib.o
 .text._ZN3due14port_registersEm
                0x00000000       0x48 hwlib.o
 .text._ZN3due12ticks_per_usEv
                0x00000000        0x6 hwlib.o
 .text._ZN3due9now_ticksEv
                0x00000000       0x74 hwlib.o
 .text._ZN3due19uart_char_availableEv
                0x00000000       0x18 hwlib.o
 .text._ZN3due9uart_getcEv
                0x00000000       0x18 hwlib.o
 .text._ZN5hwlib9uart_putcEc
                0x00000000        0x4 hwlib.o
 .text._ZN5hwlib19uart_char_availableEv
                0x00000000        0x4 hwlib.o
 .text._ZN5hwlib19cin_using_uart_getc14char_availableEv
                0x00000000        0x8 hwlib.o
 .text._ZN5hwlib9uart_getcEv
                0x00000000        0x4 hwlib.o
 .text._ZN5hwlib19cin_using_uart_getc4getcEv
                0x00000000        0x8 hwlib.o
 .text._ZN5hwlib9now_ticksEv
                0x00000000        0x8 hwlib.o
 .text._ZN5hwlib12ticks_per_usEv
                0x00000000        0x8 hwlib.o
 .text._ZN5hwlib24uart_getc_bit_banged_pinERNS_6pin_inE
                0x00000000       0x76 hwlib.o
 .text._ZN5hwlib24uart_putc_bit_banged_pinEcRNS_7pin_outE
                0x00000000       0x66 hwlib.o
 .text._ZN5hwlib5blinkERNS_7pin_outEj
                0x00000000       0x2c hwlib.o
 .text._ZN5hwlib4kittERNS_11port_in_outEj
                0x00000000       0x58 hwlib.o
 .text._ZN5hwlib4kittERNS_8port_outEj
                0x00000000       0x52 hwlib.o
 .text._ZN5hwlib4kittERNS_7port_ocEj
                0x00000000       0x52 hwlib.o
 .text._ZN5hwlib21graphics_random_linesERNS_6windowEj
                0x00000000       0xfc hwlib.o
 .text._ZN5hwlib23graphics_random_circlesERNS_6windowEj
                0x00000000       0x7c hwlib.o
 .text._ZN5hwlib12dac_triangleERNS_3dacEj
                0x00000000       0x36 hwlib.o
 .rodata._ZTVN5hwlib19cin_using_uart_getcE
                0x00000000       0x14 hwlib.o
 .rodata._ZTVN5hwlib23_pin_in_out_dummy_classE
                0x00000000       0x20 hwlib.o
 .rodata._ZTVN5hwlib19_pin_in_dummy_classE
                0x00000000       0x10 hwlib.o
 .rodata._ZTVN5hwlib20_pin_out_dummy_classE
                0x00000000       0x10 hwlib.o
 .rodata._ZTVN5hwlib19_pin_oc_dummy_classE
                0x00000000       0x18 hwlib.o
 .rodata._ZTVN5hwlib9image_8x8E
                0x00000000        0xc hwlib.o
 .rodata._ZTVN5hwlib4lineE
                0x00000000        0xc hwlib.o
 .rodata._ZTVN5hwlib6circleE
                0x00000000        0xc hwlib.o
 .bss._ZZN3due9now_ticksEvE4high
                0x00000000        0x8 hwlib.o
 .bss._ZZN3due9now_ticksEvE8last_low
                0x00000000        0x4 hwlib.o
 .bss._ZZN3due9now_ticksEvE9init_done
                0x00000000        0x1 hwlib.o
 .bss._ZZN5hwlib4randEvE1n
                0x00000000        0x4 hwlib.o
 .data._ZN5hwlib12pin_in_dummyE
                0x00000000        0x4 hwlib.o
 .data._ZN5hwlib12pin_oc_dummyE
                0x00000000        0x4 hwlib.o
 .data._ZN5hwlib13pin_out_dummyE
                0x00000000        0x4 hwlib.o
 .data._ZN5hwlib15font_16x16_dataE
                0x00000000      0xbe4 hwlib.o
 .data._ZN5hwlib16pin_in_out_dummyE
                0x00000000        0x4 hwlib.o
 .data._ZN5hwlib3cinE
                0x00000000        0x4 hwlib.o
 .data._ZN6sam3xa15SystemCoreClockE
                0x00000000        0x4 hwlib.o
 .rodata._ZN3due8pin_infoENS_4pinsE.str1.1
                0x00000000       0x33 hwlib.o
 .rodata._ZN5hwlib16font_default_8x86imagesE
                0x00000000      0xa00 hwlib.o
 .rodata._ZN5hwlibL5blackE
                0x00000000        0x4 hwlib.o
 .rodata._ZN5hwlibL5whiteE
                0x00000000        0x4 hwlib.o
 .rodata._ZN5hwliblsERNS_7ostreamENS_8locationE.str1.1
                0x00000000        0x6 hwlib.o
 .rodata._ZZN3due11ad_pin_infoENS_7ad_pinsEE17ad_pin_info_array
                0x00000000        0xc hwlib.o
 .rodata._ZZN3due11ad_seq_infoEmE12ad_seq_array
                0x00000000       0x70 hwlib.o
 .rodata._ZZN3due8pin_infoENS_4pinsEE14pin_info_array
                0x00000000       0xa4 hwlib.o
 .group         0x00000000        0x8 main.o
 .group         0x00000000        0x8 main.o
 .group         0x00000000        0x8 main.o
 .group         0x00000000        0x8 main.o
 .group         0x00000000        0x8 main.o
 .group         0x00000000        0x8 main.o
 .group         0x00000000        0x8 main.o
 .group         0x00000000        0x8 main.o
 .group         0x00000000        0x8 main.o
 .group         0x00000000        0x8 main.o
 .text          0x00000000        0x0 main.o
 .data          0x00000000        0x0 main.o
 .bss           0x00000000        0x0 main.o
 .text._ZN5hwlib6pin_oc7refreshEv
                0x00000000        0x2 main.o
 .text._ZN5hwlib6pin_oc5flushEv
                0x00000000        0x2 main.o
 .text._ZN5hwlib7ostream6fillerEi
                0x00000000       0x1a main.o
 .text._ZN5hwliblsERNS_7ostreamEPKc
                0x00000000       0x54 main.o
 .text._ZN5hwliblsERNS_7ostreamEi
                0x00000000       0xce main.o
 .text._ZN6sam3xa10SystemInitEv
                0x00000000       0x7c main.o
 .text._ZN3due8pin_infoENS_4pinsE
                0x00000000       0x20 main.o
 .text._ZN3due11ad_pin_infoENS_7ad_pinsE
                0x00000000       0x1c main.o
 .text._ZN3due11ad_seq_infoEm
                0x00000000       0x20 main.o
 .text._ZN3due14port_registersEm
                0x00000000       0x48 main.o
 .text._ZN3due12ticks_per_usEv
                0x00000000        0x6 main.o
 .text._ZN3due9now_ticksEv
                0x00000000       0x74 main.o
 .text._ZN5hwlib9uart_putcEc
                0x00000000        0x4 main.o
 .text._ZN5hwlib19uart_char_availableEv
                0x00000000        0x4 main.o
 .text._ZN5hwlib9uart_getcEv
                0x00000000        0x4 main.o
 .bss._ZZN3due9now_ticksEvE4high
                0x00000000        0x8 main.o
 .bss._ZZN3due9now_ticksEvE8last_low
                0x00000000        0x4 main.o
 .bss._ZZN3due9now_ticksEvE9init_done
                0x00000000        0x1 main.o
 .data._ZN6sam3xa15SystemCoreClockE
                0x00000000        0x4 main.o
 .rodata._ZN3due8pin_infoENS_4pinsE.str1.1
                0x00000000       0x33 main.o
 .rodata._ZZN3due11ad_pin_infoENS_7ad_pinsEE17ad_pin_info_array
                0x00000000        0xc main.o
 .rodata._ZZN3due11ad_seq_infoEmE12ad_seq_array
                0x00000000       0x70 main.o
 .rodata._ZZN3due8pin_infoENS_4pinsEE14pin_info_array
                0x00000000       0xa4 main.o
 .text          0x00000000        0x0 bmptk_cortex.o
 .data          0x00000000        0x0 bmptk_cortex.o
 .bss           0x00000000        0x0 bmptk_cortex.o
 .text.__aeabi_idiv0
                0x00000000        0x4 bmptk_cortex.o
 .text.__cxa_pure_virtual
                0x00000000        0x2 bmptk_cortex.o
 COMMON         0x00000000        0x4 bmptk_cortex.o
 .text          0x00000000        0x0 bmptk_heap_none.o
 .data          0x00000000        0x0 bmptk_heap_none.o
 .bss           0x00000000        0x0 bmptk_heap_none.o
 .text.malloc   0x00000000        0xa bmptk_heap_none.o
 .text.free     0x00000000        0x4 bmptk_heap_none.o
 .comment       0x00000000       0x12 bmptk_heap_none.o
 .text          0x00000000        0x0 bmptk_fixed_size_stack.o
 .data          0x00000000        0x0 bmptk_fixed_size_stack.o
 .bss           0x00000000        0x0 bmptk_fixed_size_stack.o
 .data          0x00000000        0x0 c:/sysgcc/arm-eabi/bin/../lib/gcc/arm-eabi/7.2.0/thumb/cortex_m3\libgcc.a(_arm_addsubdf3.o)
 .bss           0x00000000        0x0 c:/sysgcc/arm-eabi/bin/../lib/gcc/arm-eabi/7.2.0/thumb/cortex_m3\libgcc.a(_arm_addsubdf3.o)
 .data          0x00000000        0x0 c:/sysgcc/arm-eabi/bin/../lib/gcc/arm-eabi/7.2.0/thumb/cortex_m3\libgcc.a(_arm_muldivdf3.o)
 .bss           0x00000000        0x0 c:/sysgcc/arm-eabi/bin/../lib/gcc/arm-eabi/7.2.0/thumb/cortex_m3\libgcc.a(_arm_muldivdf3.o)
 .data          0x00000000        0x0 c:/sysgcc/arm-eabi/bin/../lib/gcc/arm-eabi/7.2.0/thumb/cortex_m3\libgcc.a(_arm_fixdfsi.o)
 .bss           0x00000000        0x0 c:/sysgcc/arm-eabi/bin/../lib/gcc/arm-eabi/7.2.0/thumb/cortex_m3\libgcc.a(_arm_fixdfsi.o)
 .data          0x00000000        0x0 c:/sysgcc/arm-eabi/bin/../lib/gcc/arm-eabi/7.2.0/thumb/cortex_m3\libgcc.a(_aeabi_ldivmod.o)
 .bss           0x00000000        0x0 c:/sysgcc/arm-eabi/bin/../lib/gcc/arm-eabi/7.2.0/thumb/cortex_m3\libgcc.a(_aeabi_ldivmod.o)
 .data          0x00000000        0x0 c:/sysgcc/arm-eabi/bin/../lib/gcc/arm-eabi/7.2.0/thumb/cortex_m3\libgcc.a(_aeabi_uldivmod.o)
 .bss           0x00000000        0x0 c:/sysgcc/arm-eabi/bin/../lib/gcc/arm-eabi/7.2.0/thumb/cortex_m3\libgcc.a(_aeabi_uldivmod.o)
 .data          0x00000000        0x0 c:/sysgcc/arm-eabi/bin/../lib/gcc/arm-eabi/7.2.0/thumb/cortex_m3\libgcc.a(_udivmoddi4.o)
 .bss           0x00000000        0x0 c:/sysgcc/arm-eabi/bin/../lib/gcc/arm-eabi/7.2.0/thumb/cortex_m3\libgcc.a(_udivmoddi4.o)
 .ARM.extab     0x00000000        0x0 c:/sysgcc/arm-eabi/bin/../lib/gcc/arm-eabi/7.2.0/thumb/cortex_m3\libgcc.a(_udivmoddi4.o)
 .data          0x00000000        0x0 c:/sysgcc/arm-eabi/bin/../lib/gcc/arm-eabi/7.2.0/thumb/cortex_m3\libgcc.a(_dvmd_tls.o)
 .bss           0x00000000        0x0 c:/sysgcc/arm-eabi/bin/../lib/gcc/arm-eabi/7.2.0/thumb/cortex_m3\libgcc.a(_dvmd_tls.o)

Memory Configuration

Name             Origin             Length             Attributes
rom              0x00000000         0x00080000         xr
ram              0x20000000         0x00018000         xrw
nul              0x20018000         0x00000000         xrw
*default*        0x00000000         0xffffffff

Linker script and memory map

LOAD c:/sysgcc/arm-eabi/bin/../lib/gcc/arm-eabi/7.2.0/thumb/cortex_m3\libgcc.a
LOAD i2cBus.o
LOAD time.o
LOAD DS3231.o
LOAD bitParser.o
LOAD timestamp.o
LOAD hwlib.o
LOAD main.o
LOAD bmptk_cortex.o
LOAD bmptk_heap_none.o
LOAD bmptk_fixed_size_stack.o
LOAD c:/sysgcc/arm-eabi/bin/../lib/gcc/arm-eabi/7.2.0/../../../../arm-eabi/lib/thumb/cortex_m3\libm.a
LOAD c:/sysgcc/arm-eabi/bin/../lib/gcc/arm-eabi/7.2.0/thumb/cortex_m3\libgcc.a
LOAD c:/sysgcc/arm-eabi/bin/../lib/gcc/arm-eabi/7.2.0/../../../../arm-eabi/lib/thumb/cortex_m3\libc.a
                0x00000000                __rom_start = ORIGIN (rom)
                0x00080000                __rom_size = LENGTH (rom)
                0x00080000                __rom_end = (__rom_start + __rom_size)
                0x20000000                __ram_start = ORIGIN (ram)
                0x00018000                __ram_size = LENGTH (ram)
                0x20018000                __ram_end = (__ram_start + __ram_size)
                [!provide]                PROVIDE (__rom_start, __rom_start)
                [!provide]                PROVIDE (__rom_size, __rom_size)
                [!provide]                PROVIDE (__rom_end, __rom_end)
                [!provide]                PROVIDE (__ram_start, __ram_start)
                [!provide]                PROVIDE (__ram_size, __ram_size)
                [!provide]                PROVIDE (__ram_end, __ram_end)

.text           0x00000000     0x1b28
                0x00000000                . = ALIGN (0x4)
                0x00000000                __text_start = .
                [!provide]                PROVIDE (__text_start, __text_start)
                0x00000000                . = ALIGN (0x4)
 *(.vectors)
 .vectors       0x00000000       0x20 bmptk_cortex.o
                0x00000000                __vectors
                0x00000020                . = ALIGN (0x4)
 *(.text .text.* .gnu.linkonce.t.*)
 .text._ZN5hwlib26i2c_bus_bit_banged_scl_sda16wait_half_periodEv.isra.0
                0x00000020        0x6 i2cBus.o
 .text._ZN5hwlib26i2c_bus_bit_banged_scl_sda9write_bitEb
                0x00000026       0x36 i2cBus.o
                0x00000026                _ZN5hwlib26i2c_bus_bit_banged_scl_sda9write_bitEb
 .text._ZN5hwlib26i2c_bus_bit_banged_scl_sda8read_bitEv
                0x0000005c       0x44 i2cBus.o
                0x0000005c                _ZN5hwlib26i2c_bus_bit_banged_scl_sda8read_bitEv
 .text._ZN5hwlib26i2c_bus_bit_banged_scl_sda11write_startEv
                0x000000a0       0x28 i2cBus.o
                0x000000a0                _ZN5hwlib26i2c_bus_bit_banged_scl_sda11write_startEv
 .text._ZN5hwlib26i2c_bus_bit_banged_scl_sda10write_stopEv
                0x000000c8       0x48 i2cBus.o
                0x000000c8                _ZN5hwlib26i2c_bus_bit_banged_scl_sda10write_stopEv
 .text._ZN5hwlib26i2c_bus_bit_banged_scl_sda10write_byteEj
                0x00000110       0x1c i2cBus.o
                0x00000110                _ZN5hwlib26i2c_bus_bit_banged_scl_sda10write_byteEj
 .text._ZN5hwlib26i2c_bus_bit_banged_scl_sda5writeEjPKhj
                0x0000012c       0x3a i2cBus.o
                0x0000012c                _ZN5hwlib26i2c_bus_bit_banged_scl_sda5writeEjPKhj
 .text._ZN5hwlib26i2c_bus_bit_banged_scl_sda4readEjPhj
                0x00000166       0x60 i2cBus.o
                0x00000166                _ZN5hwlib26i2c_bus_bit_banged_scl_sda4readEjPhj
 *fill*         0x000001c6        0x2 
 .text._ZN6sam3xa10SystemInitEv
                0x000001c8       0x7c i2cBus.o
                0x000001c8                _ZN6sam3xa10SystemInitEv
 .text._ZN3due8pin_infoENS_4pinsE
                0x00000244       0x20 i2cBus.o
                0x00000244                _ZN3due8pin_infoENS_4pinsE
 .text._ZN3due14port_registersEm
                0x00000264       0x48 i2cBus.o
                0x00000264                _ZN3due14port_registersEm
 .text._ZN3due12ticks_per_usEv
                0x000002ac        0x6 i2cBus.o
                0x000002ac                _ZN3due12ticks_per_usEv
 *fill*         0x000002b2        0x2 
 .text._ZN3due9now_ticksEv
                0x000002b4       0x74 i2cBus.o
                0x000002b4                _ZN3due9now_ticksEv
 .text._ZN5hwlib9uart_putcEc
                0x00000328        0x4 i2cBus.o
                0x00000328                _ZN5hwlib9uart_putcEc
 .text._ZN6i2cBusC2ERN3due6pin_ocES2_
                0x0000032c       0x3c i2cBus.o
                0x0000032c                _ZN6i2cBusC1ERN3due6pin_ocES2_
                0x0000032c                _ZN6i2cBusC2ERN3due6pin_ocES2_
 .text._ZN6i2cBus21setCurrentChipAddressEh
                0x00000368        0x4 i2cBus.o
                0x00000368                _ZN6i2cBus21setCurrentChipAddressEh
 .text._ZN6i2cBus11setRegisterEh
                0x0000036c       0x16 i2cBus.o
                0x0000036c                _ZN6i2cBus11setRegisterEh
 .text._ZN6i2cBus19getByteFromRegisterEh
                0x00000382       0x24 i2cBus.o
                0x00000382                _ZN6i2cBus19getByteFromRegisterEh
 .text._ZN6i2cBus17setByteInRegisterEhh
                0x000003a6       0x22 i2cBus.o
                0x000003a6                _ZN6i2cBus17setByteInRegisterEhh
 .text._ZN6i2cBus22setByteToBCDInRegisterEhh
                0x000003c8       0x2e i2cBus.o
                0x000003c8                _ZN6i2cBus22setByteToBCDInRegisterEhh
 *fill*         0x000003f6        0x2 
 .text._ZN4time15increaseCenturyEv
                0x000003f8       0x10 time.o
                0x000003f8                _ZN4time15increaseCenturyEv
 .text._ZN4time14isSecondsValidEh
                0x00000408        0xa time.o
                0x00000408                _ZN4time14isSecondsValidEh
 .text._ZN4time14isMinutesValidEh
                0x00000412        0xa time.o
                0x00000412                _ZN4time14isMinutesValidEh
 .text._ZN4time12isHoursValidEh
                0x0000041c        0xc time.o
                0x0000041c                _ZN4time12isHoursValidEh
 .text._ZN4time10isDayValidEh
                0x00000428        0xc time.o
                0x00000428                _ZN4time10isDayValidEh
 .text._ZN4time11isDateValidEh
                0x00000434        0xa time.o
                0x00000434                _ZN4time11isDateValidEh
 .text._ZN4time12isMonthValidEh
                0x0000043e        0xc time.o
                0x0000043e                _ZN4time12isMonthValidEh
 .text._ZN4time11isYearValidEh
                0x0000044a        0xa time.o
                0x0000044a                _ZN4time11isYearValidEh
 .text._ZN4time14isCenturyValidEi
                0x00000454       0x12 time.o
                0x00000454                _ZN4time14isCenturyValidEi
 .text._ZN5hwlib7ostream6fillerEi
                0x00000466       0x1a DS3231.o
                0x00000466                _ZN5hwlib7ostream6fillerEi
 .text._ZN5hwliblsERNS_7ostreamEPKc
                0x00000480       0x54 DS3231.o
                0x00000480                _ZN5hwliblsERNS_7ostreamEPKc
 .text._ZN5hwliblsERNS_7ostreamEi
                0x000004d4       0xce DS3231.o
                0x000004d4                _ZN5hwliblsERNS_7ostreamEi
 .text._ZN6DS3231C2ER6i2cBush
                0x000005a2        0xa DS3231.o
                0x000005a2                _ZN6DS3231C2ER6i2cBush
                0x000005a2                _ZN6DS3231C1ER6i2cBush
 .text._ZN6DS323123setI2CBusCurrentAddressEv
                0x000005ac        0x8 DS3231.o
                0x000005ac                _ZN6DS323123setI2CBusCurrentAddressEv
 .text._ZN6DS323117setCurrentSecondsEh
                0x000005b4       0x24 DS3231.o
                0x000005b4                _ZN6DS323117setCurrentSecondsEh
 .text._ZN6DS323117setCurrentMinutesEh
                0x000005d8       0x24 DS3231.o
                0x000005d8                _ZN6DS323117setCurrentMinutesEh
 .text._ZN6DS323115setCurrentHoursEh
                0x000005fc       0x24 DS3231.o
                0x000005fc                _ZN6DS323115setCurrentHoursEh
 .text._ZN6DS323113setCurrentDayEh
                0x00000620       0x24 DS3231.o
                0x00000620                _ZN6DS323113setCurrentDayEh
 .text._ZN6DS323114setCurrentDateEh
                0x00000644       0x24 DS3231.o
                0x00000644                _ZN6DS323114setCurrentDateEh
 .text._ZN6DS323120getCurrentCenturyBitEv
                0x00000668       0x16 DS3231.o
                0x00000668                _ZN6DS323120getCurrentCenturyBitEv
 .text._ZN6DS323115setCurrentMonthEh
                0x0000067e       0x38 DS3231.o
                0x0000067e                _ZN6DS323115setCurrentMonthEh
 .text._ZN6DS323121ResetCurentCenturyBitEv
                0x000006b6       0x20 DS3231.o
                0x000006b6                _ZN6DS323121ResetCurentCenturyBitEv
 .text._ZN6DS323114setCurrentYearEh
                0x000006d6       0x24 DS3231.o
                0x000006d6                _ZN6DS323114setCurrentYearEh
 *fill*         0x000006fa        0x2 
 .text._ZN6DS323128getCurrentTemperatureCelsiusEv
                0x000006fc       0x38 DS3231.o
                0x000006fc                _ZN6DS323128getCurrentTemperatureCelsiusEv
 *fill*         0x00000734        0x4 
 .text._ZN6DS323131getCurrentTemperatureFahrenheitEv
                0x00000738       0x34 DS3231.o
                0x00000738                _ZN6DS323131getCurrentTemperatureFahrenheitEv
 .text._ZN6DS323118getCurrentTimeDataEPh
                0x0000076c       0x26 DS3231.o
                0x0000076c                _ZN6DS323118getCurrentTimeDataEPh
 *fill*         0x00000792        0x2 
 .text._ZN6DS323119getCurrentTimestampER9timestamp
                0x00000794       0x90 DS3231.o
                0x00000794                _ZN6DS323119getCurrentTimestampER9timestamp
 .text._ZN6DS32316updateEv
                0x00000824       0x54 DS3231.o
                0x00000824                _ZN6DS32316updateEv
 .text._ZN9bitParser8BCDToDECEh
                0x00000878       0x12 bitParser.o
                0x00000878                _ZN9bitParser8BCDToDECEh
 .text._ZN9bitParser8DECToBCDEh
                0x0000088a       0x12 bitParser.o
                0x0000088a                _ZN9bitParser8DECToBCDEh
 .text._ZN5hwlib7ostream7reverse10add_prefixERKS0_.part.1
                0x0000089c       0x4c timestamp.o
 .text._ZN5hwliblsERNS_7ostreamEj
                0x000008e8       0x8c timestamp.o
                0x000008e8                _ZN5hwliblsERNS_7ostreamEj
 .text._ZN9timestamp10setSecondsEh
                0x00000974       0x16 timestamp.o
                0x00000974                _ZN9timestamp10setSecondsEh
 .text._ZN9timestamp10setMinutesEh
                0x0000098a       0x16 timestamp.o
                0x0000098a                _ZN9timestamp10setMinutesEh
 .text._ZN9timestamp8setHoursEh
                0x000009a0       0x16 timestamp.o
                0x000009a0                _ZN9timestamp8setHoursEh
 .text._ZN9timestamp6setDayEh
                0x000009b6       0x16 timestamp.o
                0x000009b6                _ZN9timestamp6setDayEh
 .text._ZN9timestamp7setDateEh
                0x000009cc       0x16 timestamp.o
                0x000009cc                _ZN9timestamp7setDateEh
 .text._ZN9timestamp8setMonthEh
                0x000009e2       0x16 timestamp.o
                0x000009e2                _ZN9timestamp8setMonthEh
 .text._ZN9timestamp7setYearEt
                0x000009f8       0x16 timestamp.o
                0x000009f8                _ZN9timestamp7setYearEt
 .text._ZN9timestamp10setCenturyEi
                0x00000a0e       0x16 timestamp.o
                0x00000a0e                _ZN9timestamp10setCenturyEi
 .text._ZN9timestampC2Ev
                0x00000a24       0x2c timestamp.o
                0x00000a24                _ZN9timestampC1Ev
                0x00000a24                _ZN9timestampC2Ev
 .text._ZlsRN5hwlib7ostreamERK9timestamp
                0x00000a50       0x94 timestamp.o
                0x00000a50                _ZlsRN5hwlib7ostreamERK9timestamp
 .text._ZN5hwlib6pin_oc7refreshEv
                0x00000ae4        0x2 hwlib.o
                0x00000ae4                _ZN5hwlib6pin_oc7refreshEv
 .text._ZN5hwlib6pin_oc5flushEv
                0x00000ae6        0x2 hwlib.o
                0x00000ae6                _ZN5hwlib6pin_oc5flushEv
 .text._ZN5hwlib7ostream5flushEv
                0x00000ae8        0x2 hwlib.o
                0x00000ae8                _ZN5hwlib7ostream5flushEv
 .text._ZN5hwlib5panicEPKcj
                0x00000aea        0x2 hwlib.o
                0x00000aea                _ZN5hwlib5panicEPKcj
 .text._ZN3due9uart_initEv
                0x00000aec       0x60 hwlib.o
                0x00000aec                _ZN3due9uart_initEv
 .text._ZN3due9uart_putcEc
                0x00000b4c       0x1c hwlib.o
                0x00000b4c                _ZN3due9uart_putcEc
 .text._ZN5hwlib20cout_using_uart_putc4putcEc
                0x00000b68        0xa hwlib.o
                0x00000b68                _ZN5hwlib20cout_using_uart_putc4putcEc
 .text._ZN5hwlib6now_usEv
                0x00000b72       0x1c hwlib.o
                0x00000b72                _ZN5hwlib6now_usEv
 .text._ZN5hwlib12wait_us_busyEi
                0x00000b8e       0x1c hwlib.o
                0x00000b8e                _ZN5hwlib12wait_us_busyEi
 .text._ZN5hwlib7wait_usEi
                0x00000baa        0x4 hwlib.o
                0x00000baa                _ZN5hwlib7wait_usEi
 .text._ZN5hwlib7wait_msEi
                0x00000bae       0x16 hwlib.o
                0x00000bae                _ZN5hwlib7wait_msEi
 .text._ZN3due6pin_oc3getEN5hwlib9bufferingE
                0x00000bc4       0x10 main.o
                0x00000bc4                _ZN3due6pin_oc3getEN5hwlib9bufferingE
 .text._ZN3due6pin_oc3setEbN5hwlib9bufferingE
                0x00000bd4       0x10 main.o
                0x00000bd4                _ZN3due6pin_oc3setEbN5hwlib9bufferingE
 .text._ZN3due6pin_ocC2ENS_4pinsE
                0x00000be4       0x34 main.o
                0x00000be4                _ZN3due6pin_ocC2ENS_4pinsE
                0x00000be4                _ZN3due6pin_ocC1ENS_4pinsE
 .text.startup.main
                0x00000c18      0x138 main.o
                0x00000c18                main
 .text.__startup
                0x00000d50       0x48 bmptk_cortex.o
                0x00000d50                __startup
 .text          0x00000d98      0x378 c:/sysgcc/arm-eabi/bin/../lib/gcc/arm-eabi/7.2.0/thumb/cortex_m3\libgcc.a(_arm_addsubdf3.o)
                0x00000d98                __aeabi_drsub
                0x00000da0                __aeabi_dsub
                0x00000da0                __subdf3
                0x00000da4                __aeabi_dadd
                0x00000da4                __adddf3
                0x0000101c                __floatunsidf
                0x0000101c                __aeabi_ui2d
                0x0000103c                __floatsidf
                0x0000103c                __aeabi_i2d
                0x00001060                __aeabi_f2d
                0x00001060                __extendsfdf2
                0x000010a4                __floatundidf
                0x000010a4                __aeabi_ul2d
                0x000010b4                __floatdidf
                0x000010b4                __aeabi_l2d
 .text          0x00001110      0x424 c:/sysgcc/arm-eabi/bin/../lib/gcc/arm-eabi/7.2.0/thumb/cortex_m3\libgcc.a(_arm_muldivdf3.o)
                0x00001110                __aeabi_dmul
                0x00001110                __muldf3
                0x00001364                __divdf3
                0x00001364                __aeabi_ddiv
 .text          0x00001534       0x50 c:/sysgcc/arm-eabi/bin/../lib/gcc/arm-eabi/7.2.0/thumb/cortex_m3\libgcc.a(_arm_fixdfsi.o)
                0x00001534                __aeabi_d2iz
                0x00001534                __fixdfsi
 .text          0x00001584       0xa0 c:/sysgcc/arm-eabi/bin/../lib/gcc/arm-eabi/7.2.0/thumb/cortex_m3\libgcc.a(_aeabi_ldivmod.o)
                0x00001584                __aeabi_ldivmod
 .text          0x00001624       0x30 c:/sysgcc/arm-eabi/bin/../lib/gcc/arm-eabi/7.2.0/thumb/cortex_m3\libgcc.a(_aeabi_uldivmod.o)
                0x00001624                __aeabi_uldivmod
 .text          0x00001654      0x2d0 c:/sysgcc/arm-eabi/bin/../lib/gcc/arm-eabi/7.2.0/thumb/cortex_m3\libgcc.a(_udivmoddi4.o)
                0x00001654                __udivmoddi4
 .text          0x00001924        0x4 c:/sysgcc/arm-eabi/bin/../lib/gcc/arm-eabi/7.2.0/thumb/cortex_m3\libgcc.a(_dvmd_tls.o)
                0x00001924                __aeabi_ldiv0
                0x00001928                . = ALIGN (0x4)
 *(.glue_7t .glue_7)
 .glue_7        0x00001928        0x0 linker stubs
 .glue_7t       0x00001928        0x0 linker stubs
                0x00001928                . = ALIGN (0x4)
 *(.rodata .rodata.* .gnu.linkonce.r.*)
 .rodata._ZTVN5hwlib26i2c_bus_bit_banged_scl_sdaE
                0x00001928       0x10 i2cBus.o
                0x00001928                _ZTVN5hwlib26i2c_bus_bit_banged_scl_sdaE
 .rodata._ZTV6i2cBus
                0x00001938       0x10 i2cBus.o
                0x00001938                _ZTV6i2cBus
 .rodata._ZN3due8pin_infoENS_4pinsE.str1.1
                0x00001948       0x33 i2cBus.o
 .rodata._ZZN3due8pin_infoENS_4pinsEE14pin_info_array
                0x0000197b       0xa4 i2cBus.o
 .rodata._ZN6DS32316updateEv.str1.1
                0x00001a1f       0x75 DS3231.o
                                 0x77 (size before relaxing)
 .rodata._ZlsRN5hwlib7ostreamERK9timestamp.str1.1
                0x00001a94       0x49 timestamp.o
                                 0x4b (size before relaxing)
 *fill*         0x00001add        0x3 
 .rodata._ZTVN5hwlib20cout_using_uart_putcE
                0x00001ae0       0x10 hwlib.o
                0x00001ae0                _ZTVN5hwlib20cout_using_uart_putcE
 .rodata._ZTVN3due6pin_ocE
                0x00001af0       0x18 main.o
                0x00001af0                _ZTVN3due6pin_ocE
 .rodata.main.str1.1
                0x00001b08       0x20 main.o
                                 0x2c (size before relaxing)
                0x00001b28                . = ALIGN (0x4)
 *(.ARM.extab* .gnu.linkonce.armextab.*)
                0x00001b28                . = ALIGN (0x4)
 *(.gcc_except_table)
                0x00001b28                . = ALIGN (0x4)
 *(.eh_frame_hdr)
                0x00001b28                . = ALIGN (0x4)
 *(.eh_frame)
                0x00001b28                . = ALIGN (0x4)
                0x00001b28                __text_end = .
                [!provide]                PROVIDE (__text_end, __text_end)

.vfp11_veneer   0x00001b28        0x0
 .vfp11_veneer  0x00001b28        0x0 linker stubs

.v4_bx          0x00001b28        0x0
 .v4_bx         0x00001b28        0x0 linker stubs

.iplt           0x00001b28        0x0
 .iplt          0x00001b28        0x0 i2cBus.o

.IF_YOU_SEE_THIS_YOU_HAVE_ONE_OR_MORE_GLOBAL_OBJECT_CONSTRUCTORS
 *(.init)
 *(.preinit_array)
 *(SORT(.init_array.*))
 *(.init_array)
                0x00001b28                . = ALIGN (0x4)
                0x00001b28                __exidx_start = .
                [!provide]                PROVIDE (__exidx_start, __exidx_start)

.ARM.exidx      0x00001b28        0x8
 *(.ARM.exidx* .gnu.linkonce.armexidx.*)
 .ARM.exidx     0x00001b28        0x8 c:/sysgcc/arm-eabi/bin/../lib/gcc/arm-eabi/7.2.0/thumb/cortex_m3\libgcc.a(_udivmoddi4.o)

.rel.dyn        0x00001b30        0x0
 .rel.iplt      0x00001b30        0x0 i2cBus.o
                0x00001b30                . = ALIGN (0x4)
                0x00001b30                __exidx_end = .
                [!provide]                PROVIDE (__exidx_end, __exidx_end)

.bss            0x20000000    0x12010
                0x20000000                . = ALIGN (0x4)
                0x20000000                __stack_start = .
                [!provide]                PROVIDE (__stack_start, __stack_start)
                0x20000000                . = ALIGN (0x4)
 *(.bmptk_stack)
 .bmptk_stack   0x20000000    0x12000 bmptk_fixed_size_stack.o
                0x20000000                bmptk_stack
                0x20012000                . = ALIGN (0x8)
                0x20012000                __main_stack_end = .
                [!provide]                PROVIDE (__main_stack_end, __main_stack_end)
                0x20012000                . = ALIGN (0x4)
                0x20012000                __stack_end = .
                [!provide]                PROVIDE (__stack_end, __stack_end)
                0x20012000                . = ALIGN (0x4)
                0x20012000                __bss_start = .
                [!provide]                PROVIDE (__bss_start, __bss_start)
                0x20012000                . = ALIGN (0x4)
 *(.bss .bss.* .gnu.linkonce.b.*)
 .bss._ZZN3due9now_ticksEvE4high
                0x20012000        0x8 i2cBus.o
 .bss._ZZN3due9now_ticksEvE8last_low
                0x20012008        0x4 i2cBus.o
 .bss._ZZN3due9now_ticksEvE9init_done
                0x2001200c        0x1 i2cBus.o
 .bss._ZZN3due9uart_initEvE9init_done
                0x2001200d        0x1 hwlib.o
                0x20012010                . = ALIGN (0x4)
 *fill*         0x2001200e        0x2 
 *(COMMON)
                0x20012010                . = ALIGN (0x4)
                0x20012010                __bss_end = .
                [!provide]                PROVIDE (__bss_end, __bss_end)

.data           0x20012010       0x20 load address 0x00001b30
                0x20012010                . = ALIGN (0x4)
                0x00001b30                __data_init_start = LOADADDR (.data)
                [!provide]                PROVIDE (__data_init_start, __data_init_start)
                0x20012010                __data_start = .
                [!provide]                PROVIDE (__data_start, __data_start)
                0x20012010                . = ALIGN (0x4)
 *(.data .data.* .gnu.linkonce.d.*)
 .data._ZN6sam3xa15SystemCoreClockE
                0x20012010        0x4 i2cBus.o
                0x20012010                _ZN6sam3xa15SystemCoreClockE
 .data._ZN4time14currentCenturyE
                0x20012014        0x4 time.o
                0x20012014                _ZN4time14currentCenturyE
 .data._ZN3due7hw_uartE
                0x20012018        0x4 hwlib.o
                0x20012018                _ZN3due7hw_uartE
 .data._ZN5hwlib4coutE
                0x2001201c       0x14 hwlib.o
                0x2001201c                _ZN5hwlib4coutE
                0x20012030                . = ALIGN (0x4)
                0x20012030                __data_end = .
                [!provide]                PROVIDE (__data_end, __data_end)
                0x00001b30                __data_init_end = LOADADDR (.data)
                [!provide]                PROVIDE (__data_init_end, __data_init_end)
                0x00000020                PROVIDE (__data_size, (__data_end - __data_start))
                0x00000020                PROVIDE (__data_init_size, __data_size)
                [!provide]                PROVIDE (__data_init_end, (__data_init_start + __data_init_size))

.igot.plt       0x20012030        0x0 load address 0x00001b50
 .igot.plt      0x20012030        0x0 i2cBus.o
                0x20012030                . = ALIGN (0x4)
                0x20012030                __heap_start = .
                [!provide]                PROVIDE (__heap_start, __heap_start)
                0x20012030                . = ALIGN (0x4)
                0x20018000                __heap_end = __ram_end
                [!provide]                PROVIDE (__heap_end, __heap_end)

.stab
 *(.stab)

.stabstr
 *(.stabstr)

.debug
 *(.debug)

.line
 *(.line)

.debug_srcinfo
 *(.debug_srcinfo)

.debug_sfnames
 *(.debug_sfnames)

.debug_aranges  0x00000000       0xe0
 *(.debug_aranges)
 .debug_aranges
                0x00000000       0x20 c:/sysgcc/arm-eabi/bin/../lib/gcc/arm-eabi/7.2.0/thumb/cortex_m3\libgcc.a(_arm_addsubdf3.o)
 .debug_aranges
                0x00000020       0x20 c:/sysgcc/arm-eabi/bin/../lib/gcc/arm-eabi/7.2.0/thumb/cortex_m3\libgcc.a(_arm_muldivdf3.o)
 .debug_aranges
                0x00000040       0x20 c:/sysgcc/arm-eabi/bin/../lib/gcc/arm-eabi/7.2.0/thumb/cortex_m3\libgcc.a(_arm_fixdfsi.o)
 .debug_aranges
                0x00000060       0x20 c:/sysgcc/arm-eabi/bin/../lib/gcc/arm-eabi/7.2.0/thumb/cortex_m3\libgcc.a(_aeabi_ldivmod.o)
 .debug_aranges
                0x00000080       0x20 c:/sysgcc/arm-eabi/bin/../lib/gcc/arm-eabi/7.2.0/thumb/cortex_m3\libgcc.a(_aeabi_uldivmod.o)
 .debug_aranges
                0x000000a0       0x20 c:/sysgcc/arm-eabi/bin/../lib/gcc/arm-eabi/7.2.0/thumb/cortex_m3\libgcc.a(_udivmoddi4.o)
 .debug_aranges
                0x000000c0       0x20 c:/sysgcc/arm-eabi/bin/../lib/gcc/arm-eabi/7.2.0/thumb/cortex_m3\libgcc.a(_dvmd_tls.o)

.debug_pubnames
 *(.debug_pubnames)

.debug_info     0x00000000      0xde3
 *(.debug_info .gnu.linkonce.wi.*)
 .debug_info    0x00000000       0x26 c:/sysgcc/arm-eabi/bin/../lib/gcc/arm-eabi/7.2.0/thumb/cortex_m3\libgcc.a(_arm_addsubdf3.o)
 .debug_info    0x00000026       0x26 c:/sysgcc/arm-eabi/bin/../lib/gcc/arm-eabi/7.2.0/thumb/cortex_m3\libgcc.a(_arm_muldivdf3.o)
 .debug_info    0x0000004c       0x26 c:/sysgcc/arm-eabi/bin/../lib/gcc/arm-eabi/7.2.0/thumb/cortex_m3\libgcc.a(_arm_fixdfsi.o)
 .debug_info    0x00000072       0x26 c:/sysgcc/arm-eabi/bin/../lib/gcc/arm-eabi/7.2.0/thumb/cortex_m3\libgcc.a(_aeabi_ldivmod.o)
 .debug_info    0x00000098       0x26 c:/sysgcc/arm-eabi/bin/../lib/gcc/arm-eabi/7.2.0/thumb/cortex_m3\libgcc.a(_aeabi_uldivmod.o)
 .debug_info    0x000000be      0xcff c:/sysgcc/arm-eabi/bin/../lib/gcc/arm-eabi/7.2.0/thumb/cortex_m3\libgcc.a(_udivmoddi4.o)
 .debug_info    0x00000dbd       0x26 c:/sysgcc/arm-eabi/bin/../lib/gcc/arm-eabi/7.2.0/thumb/cortex_m3\libgcc.a(_dvmd_tls.o)

.debug_abbrev   0x00000000      0x211
 *(.debug_abbrev)
 .debug_abbrev  0x00000000       0x14 c:/sysgcc/arm-eabi/bin/../lib/gcc/arm-eabi/7.2.0/thumb/cortex_m3\libgcc.a(_arm_addsubdf3.o)
 .debug_abbrev  0x00000014       0x14 c:/sysgcc/arm-eabi/bin/../lib/gcc/arm-eabi/7.2.0/thumb/cortex_m3\libgcc.a(_arm_muldivdf3.o)
 .debug_abbrev  0x00000028       0x14 c:/sysgcc/arm-eabi/bin/../lib/gcc/arm-eabi/7.2.0/thumb/cortex_m3\libgcc.a(_arm_fixdfsi.o)
 .debug_abbrev  0x0000003c       0x14 c:/sysgcc/arm-eabi/bin/../lib/gcc/arm-eabi/7.2.0/thumb/cortex_m3\libgcc.a(_aeabi_ldivmod.o)
 .debug_abbrev  0x00000050       0x14 c:/sysgcc/arm-eabi/bin/../lib/gcc/arm-eabi/7.2.0/thumb/cortex_m3\libgcc.a(_aeabi_uldivmod.o)
 .debug_abbrev  0x00000064      0x199 c:/sysgcc/arm-eabi/bin/../lib/gcc/arm-eabi/7.2.0/thumb/cortex_m3\libgcc.a(_udivmoddi4.o)
 .debug_abbrev  0x000001fd       0x14 c:/sysgcc/arm-eabi/bin/../lib/gcc/arm-eabi/7.2.0/thumb/cortex_m3\libgcc.a(_dvmd_tls.o)

.debug_line     0x00000000      0x769
 *(.debug_line)
 .debug_line    0x00000000      0x18c c:/sysgcc/arm-eabi/bin/../lib/gcc/arm-eabi/7.2.0/thumb/cortex_m3\libgcc.a(_arm_addsubdf3.o)
 .debug_line    0x0000018c      0x1a5 c:/sysgcc/arm-eabi/bin/../lib/gcc/arm-eabi/7.2.0/thumb/cortex_m3\libgcc.a(_arm_muldivdf3.o)
 .debug_line    0x00000331       0x80 c:/sysgcc/arm-eabi/bin/../lib/gcc/arm-eabi/7.2.0/thumb/cortex_m3\libgcc.a(_arm_fixdfsi.o)
 .debug_line    0x000003b1       0x85 c:/sysgcc/arm-eabi/bin/../lib/gcc/arm-eabi/7.2.0/thumb/cortex_m3\libgcc.a(_aeabi_ldivmod.o)
 .debug_line    0x00000436       0x67 c:/sysgcc/arm-eabi/bin/../lib/gcc/arm-eabi/7.2.0/thumb/cortex_m3\libgcc.a(_aeabi_uldivmod.o)
 .debug_line    0x0000049d      0x265 c:/sysgcc/arm-eabi/bin/../lib/gcc/arm-eabi/7.2.0/thumb/cortex_m3\libgcc.a(_udivmoddi4.o)
 .debug_line    0x00000702       0x67 c:/sysgcc/arm-eabi/bin/../lib/gcc/arm-eabi/7.2.0/thumb/cortex_m3\libgcc.a(_dvmd_tls.o)

.debug_frame    0x00000000      0x1c4
 *(.debug_frame)
 .debug_frame   0x00000000       0xac c:/sysgcc/arm-eabi/bin/../lib/gcc/arm-eabi/7.2.0/thumb/cortex_m3\libgcc.a(_arm_addsubdf3.o)
 .debug_frame   0x000000ac       0x50 c:/sysgcc/arm-eabi/bin/../lib/gcc/arm-eabi/7.2.0/thumb/cortex_m3\libgcc.a(_arm_muldivdf3.o)
 .debug_frame   0x000000fc       0x24 c:/sysgcc/arm-eabi/bin/../lib/gcc/arm-eabi/7.2.0/thumb/cortex_m3\libgcc.a(_arm_fixdfsi.o)
 .debug_frame   0x00000120       0x44 c:/sysgcc/arm-eabi/bin/../lib/gcc/arm-eabi/7.2.0/thumb/cortex_m3\libgcc.a(_aeabi_ldivmod.o)
 .debug_frame   0x00000164       0x2c c:/sysgcc/arm-eabi/bin/../lib/gcc/arm-eabi/7.2.0/thumb/cortex_m3\libgcc.a(_aeabi_uldivmod.o)
 .debug_frame   0x00000190       0x34 c:/sysgcc/arm-eabi/bin/../lib/gcc/arm-eabi/7.2.0/thumb/cortex_m3\libgcc.a(_udivmoddi4.o)

.debug_str      0x00000000     0x144a
 *(.debug_str)
 .debug_str     0x00000000       0xbb c:/sysgcc/arm-eabi/bin/../lib/gcc/arm-eabi/7.2.0/thumb/cortex_m3\libgcc.a(_arm_addsubdf3.o)
 .debug_str     0x000000bb       0xbb c:/sysgcc/arm-eabi/bin/../lib/gcc/arm-eabi/7.2.0/thumb/cortex_m3\libgcc.a(_arm_muldivdf3.o)
 .debug_str     0x000000bb       0xbb c:/sysgcc/arm-eabi/bin/../lib/gcc/arm-eabi/7.2.0/thumb/cortex_m3\libgcc.a(_arm_fixdfsi.o)
 .debug_str     0x000000bb       0x33 c:/sysgcc/arm-eabi/bin/../lib/gcc/arm-eabi/7.2.0/thumb/cortex_m3\libgcc.a(_aeabi_ldivmod.o)
                                 0xb6 (size before relaxing)
 .debug_str     0x000000ee       0xb6 c:/sysgcc/arm-eabi/bin/../lib/gcc/arm-eabi/7.2.0/thumb/cortex_m3\libgcc.a(_aeabi_uldivmod.o)
 .debug_str     0x000000ee     0x1325 c:/sysgcc/arm-eabi/bin/../lib/gcc/arm-eabi/7.2.0/thumb/cortex_m3\libgcc.a(_udivmoddi4.o)
                               0x13da (size before relaxing)
 .debug_str     0x00001413       0x37 c:/sysgcc/arm-eabi/bin/../lib/gcc/arm-eabi/7.2.0/thumb/cortex_m3\libgcc.a(_dvmd_tls.o)
                                 0xba (size before relaxing)

.debug_loc      0x00000000      0xe8b
 *(.debug_loc)
 .debug_loc     0x00000000      0xe8b c:/sysgcc/arm-eabi/bin/../lib/gcc/arm-eabi/7.2.0/thumb/cortex_m3\libgcc.a(_udivmoddi4.o)

.comment        0x00000000       0x11
 .comment       0x00000000       0x11 i2cBus.o
                                 0x12 (size before relaxing)
 .comment       0x00000011       0x12 time.o
 .comment       0x00000011       0x12 DS3231.o
 .comment       0x00000011       0x12 bitParser.o
 .comment       0x00000011       0x12 timestamp.o
 .comment       0x00000011       0x12 hwlib.o
 .comment       0x00000011       0x12 main.o
 .comment       0x00000011       0x12 bmptk_cortex.o
 .comment       0x00000011       0x12 bmptk_fixed_size_stack.o
 .comment       0x00000011       0x12 c:/sysgcc/arm-eabi/bin/../lib/gcc/arm-eabi/7.2.0/thumb/cortex_m3\libgcc.a(_udivmoddi4.o)

.debug_macinfo
 *(.debug_macinfo)

.debug_weaknames
 *(.debug_weaknames)

.debug_funcnames
 *(.debug_funcnames)

.debug_typenames
 *(.debug_typenames)

.debug_varnames
 *(.debug_varnames)

.note.gnu.arm.ident
 *(.note.gnu.arm.ident)

.ARM.attributes
                0x00000000       0x33
 *(.ARM.attributes)
 .ARM.attributes
                0x00000000       0x33 i2cBus.o
 .ARM.attributes
                0x00000033       0x33 time.o
 .ARM.attributes
                0x00000066       0x33 DS3231.o
 .ARM.attributes
                0x00000099       0x33 bitParser.o
 .ARM.attributes
                0x000000cc       0x33 timestamp.o
 .ARM.attributes
                0x000000ff       0x33 hwlib.o
 .ARM.attributes
                0x00000132       0x33 main.o
 .ARM.attributes
                0x00000165       0x33 bmptk_cortex.o
 .ARM.attributes
                0x00000198       0x33 bmptk_heap_none.o
 .ARM.attributes
                0x000001cb       0x33 bmptk_fixed_size_stack.o
 .ARM.attributes
                0x000001fe       0x23 c:/sysgcc/arm-eabi/bin/../lib/gcc/arm-eabi/7.2.0/thumb/cortex_m3\libgcc.a(_arm_addsubdf3.o)
 .ARM.attributes
                0x00000221       0x23 c:/sysgcc/arm-eabi/bin/../lib/gcc/arm-eabi/7.2.0/thumb/cortex_m3\libgcc.a(_arm_muldivdf3.o)
 .ARM.attributes
                0x00000244       0x23 c:/sysgcc/arm-eabi/bin/../lib/gcc/arm-eabi/7.2.0/thumb/cortex_m3\libgcc.a(_arm_fixdfsi.o)
 .ARM.attributes
                0x00000267       0x23 c:/sysgcc/arm-eabi/bin/../lib/gcc/arm-eabi/7.2.0/thumb/cortex_m3\libgcc.a(_aeabi_ldivmod.o)
 .ARM.attributes
                0x0000028a       0x23 c:/sysgcc/arm-eabi/bin/../lib/gcc/arm-eabi/7.2.0/thumb/cortex_m3\libgcc.a(_aeabi_uldivmod.o)
 .ARM.attributes
                0x000002ad       0x33 c:/sysgcc/arm-eabi/bin/../lib/gcc/arm-eabi/7.2.0/thumb/cortex_m3\libgcc.a(_udivmoddi4.o)
 .ARM.attributes
                0x000002e0       0x23 c:/sysgcc/arm-eabi/bin/../lib/gcc/arm-eabi/7.2.0/thumb/cortex_m3\libgcc.a(_dvmd_tls.o)

/DISCARD/
 *(.note.GNU-stack)
                [!provide]                PROVIDE (__text_size, (__text_end - __text_start))
                [!provide]                PROVIDE (__exidx_size, (__exidx_end - __exidx_start))
                [!provide]                PROVIDE (__bss_size, (__bss_end - __bss_start))
                [!provide]                PROVIDE (__stack_size, (__stack_end - __stack_start))
                [!provide]                PROVIDE (__heap_size, (__heap_end - __heap_start))
OUTPUT(main.elf elf32-littlearm)

.debug_ranges   0x00000000       0xf8
 .debug_ranges  0x00000000       0xf8 c:/sysgcc/arm-eabi/bin/../lib/gcc/arm-eabi/7.2.0/thumb/cortex_m3\libgcc.a(_udivmoddi4.o)
